// Jest Snapshot v1, https://goo.gl/fbAQLP

exports[`Map Page Render renders with default props 1`] = `ShallowWrapper {}`;
