// Jest Snapshot v1, https://goo.gl/fbAQLP

exports[`Page Not Found Page Render renders with default props 1`] = `ShallowWrapper {}`;
