// Jest Snapshot v1, https://goo.gl/fbAQLP

exports[`Welcome Page Render renders with default props 1`] = `ShallowWrapper {}`;
