// Jest Snapshot v1, https://goo.gl/fbAQLP

exports[`Login renders with default props 1`] = `ShallowWrapper {}`;
